sejyotiarna@sejyotiarna:~$ mkdir bin
mkdir: cannot create directory ‘bin’: File exists
sejyotiarna@sejyotiarna:~$ cd
sejyotiarna@sejyotiarna:~$ export NXF_EDGE=1
sejyotiarna@sejyotiarna:~$ nextflow self-update

      N E X T F L O W
      version 23.01.0-edge build 5834
      created 14-01-2023 17:31 UTC (23:01 IDT)
      cite doi:10.1038/nbt.3820
      http://nextflow.io


Nextflow installation completed. Please note:
- the executable file `nextflow` has been created in the folder: /home/sejyotiarna/bin

sejyotiarna@sejyotiarna:~$ export NXF_EDGE=0
sejyotiarna@sejyotiarna:~$ nextflow self-update --version

      N E X T F L O W
      version 22.10.7 build 5853
      created 18-02-2023 20:32 UTC (19-02-2023 02:02 IDT)
      cite doi:10.1038/nbt.3820
      http://nextflow.io


Nextflow installation completed. Please note:
- the executable file `nextflow` has been created in the folder: /home/sejyotiarna/bin

sejyotiarna@sejyotiarna:~$ nano tutorial.nf
sejyotiarna@sejyotiarna:~$ nano tutorial.nf
sejyotiarna@sejyotiarna:~$ #!/usr/bin/env nextflow
sejyotiarna@sejyotiarna:~$ nextflow.enable.dsl=2
nextflow.enable.dsl=2: command not found
sejyotiarna@sejyotiarna:~$ !/usr/bin/env nextflow
-bash: !/usr/bin/env: event not found
sejyotiarna@sejyotiarna:~$ nano tutorial.nf
sejyotiarna@sejyotiarna:~$ #!/usr/bin/env nextflow
sejyotiarna@sejyotiarna:~$ cat tutorial.nf
#!/usr/bin/env nextflow




sejyotiarna@sejyotiarna:~$ nextflow.enable.dsl=2
nextflow.enable.dsl=2: command not found
sejyotiarna@sejyotiarna:~$ nextflow.enable.dsl=2
nextflow.enable.dsl=2: command not found
sejyotiarna@sejyotiarna:~$ nano tutorial.nf
sejyotiarna@sejyotiarna:~$ nextflow.enable.dsl=2
nextflow.enable.dsl=2: command not found
sejyotiarna@sejyotiarna:~$ params.str = 'Hello world!'
params.str: command not found
sejyotiarna@sejyotiarna:~$ !/usr/bin/env nextflow
-bash: !/usr/bin/env: event not found
sejyotiarna@sejyotiarna:~$ #!/usr/bin/env nextflow
sejyotiarna@sejyotiarna:~$ nextflow.enable.dsl=2
nextflow.enable.dsl=2: command not found
sejyotiarna@sejyotiarna:~$ nano tutorial.nf
sejyotiarna@sejyotiarna:~$ nextflow run tutorial.nf
N E X T F L O W  ~  version 22.10.7
Launching `tutorial.nf` [clever_newton] DSL2 - revision: fcc6c966e6
executor >  local (3)
[81/80ee24] process > splitLetters       [100%] 1 of 1 ✔
[c0/a5a4a3] process > convertToUpper (1) [100%] 2 of 2 ✔
WORLD!
HELLO

sejyotiarna@sejyotiarna:~$
